// Jest Snapshot v1, https://goo.gl/fbAQLP

exports[`getFieldsToIndex configuration detected from environment variables 1`] = `undefined`;
